<html>
<body>
<pre>
<h1>µVision Build Log</h1>
<h2>Tool Versions:</h2>
IDE-Version: ¶ÃVision V5.26.2.0
Copyright (C) 2018 ARM Ltd and ARM Germany GmbH. All rights reserved.
License Information: ∂‘sa fg, fg, LIC=BUUII-TQ20M-00UN9-44NZV-W2ZW4-5TLSR
 
Tool Versions:
Toolchain:       MDK-ARM Plus  Version: 5.26.2.0
Toolchain Path:  C:\Keil_v5\ARM\ARMCC\Bin
C Compiler:      Armcc.exe V5.06 update 6 (build 750)
Assembler:       Armasm.exe V5.06 update 6 (build 750)
Linker/Locator:  ArmLink.exe V5.06 update 6 (build 750)
Library Manager: ArmAr.exe V5.06 update 6 (build 750)
Hex Converter:   FromElf.exe V5.06 update 6 (build 750)
CPU DLL:         SARMCM3.DLL V5.26.2.0
Dialog DLL:      DCM.DLL V1.17.2.0
Target DLL:      CMSIS_AGDI.dll V1.30.6.0
Dialog DLL:      TCM.DLL V1.36.1.0
 
<h2>Project:</h2>
D:\∑…ø®\src\1052-final\project\mdk\YH-RT1052.uvprojx
Project File Date:  03/07/2019

<h2>Output:</h2>
*** Using Compiler 'V5.06 update 6 (build 750)', folder: 'C:\Keil_v5\ARM\ARMCC\Bin'
Build target 'itcm_txt_sdram_debug'
assembling startup_MIMXRT1052.s...
compiling fsl_gpio.c...
compiling system_MIMXRT1052.c...
compiling fsl_clock.c...
compiling fsl_common.c...
compiling fsl_csi.c...
compiling fsl_lpuart.c...
compiling fsl_elcdif.c...
compiling fsl_lpi2c.c...
compiling fsl_pit.c...
compiling fsl_sbrk.c...
compiling fsl_assert.c...
compiling fsl_notifier.c...
compiling fsl_debug_console.c...
compiling fsl_log.c...
compiling fsl_str.c...
compiling fsl_io.c...
compiling board.c...
compiling clock_config.c...
compiling fire_imxrt1052_sdram_ini_dcd.c...
compiling pin_mux.c...
compiling main.c...
..\..\user\main.c(116): warning:  #177-D: variable "count"  was declared but never referenced
  		rt_uint32_t count = 0;
..\..\user\main.c(117): warning:  #177-D: variable "no"  was declared but never referenced
      rt_uint32_t no = (rt_uint32_t) parameter; /* Ëé∑ÂæóÁ∫øÁ®ãÁöÑÂÖ•Âè£ÂèÇÊï? */
..\..\user\main.c(51): warning:  #177-D: variable "sem"  was declared but never referenced
  static rt_sem_t sem = RT_NULL;
..\..\user\main.c(133): warning:  #177-D: function "thread1_entry"  was declared but never referenced
  static void thread1_entry(void* parameter)
..\..\user\main.c(149): warning:  #177-D: function "thread2_entry"  was declared but never referenced
  static void thread2_entry(void* parameter)
..\..\user\main.c: 5 warnings, 0 errors
compiling fire_imxrt1052_spiflash_config.c...
compiling clock.c...
compiling fsl_flexspi_nor_boot.c...
compiling components.c...
compiling device.c...
compiling idle.c...
compiling ipc.c...
compiling irq.c...
compiling memheap.c...
compiling mem.c...
compiling kservice.c...
compiling mempool.c...
compiling object.c...
compiling scheduler.c...
compiling signal.c...
compiling thread.c...
compiling timer.c...
compiling cpuport.c...
assembling context_rvds.S...
compiling 1052_NVIC.c...
compiling bsp_led.c...
compiling bwLabel.c...
compiling carmer.c...
compiling fsl_csi_camera_adapter.c...
compiling fsl_sccb.c...
compiling fsl_video_common.c...
compiling fsl_video_i2c.c...
compiling LQ_MT9V034M.c...
..\..\user\bsp\camera\LQ_MT9V034M.c(150): warning:  #550-D: variable "frameRate"  was set but never used
      uint16_t frameRate = 0;
..\..\user\bsp\camera\LQ_MT9V034M.c(229): warning:  #177-D: function "MT9V034_Reset"  was declared but never referenced
  static void MT9V034_Reset(void)
..\..\user\bsp\camera\LQ_MT9V034M.c(212): warning:  #177-D: function "MT9V034_SetAutoExposure"  was declared but never referenced
  static void MT9V034_SetAutoExposure(bool enable)
..\..\user\bsp\camera\LQ_MT9V034M.c: 3 warnings, 0 errors
compiling bsp_pit.c...
compiling bsp_lcd.c...
compiling fonts.c...
linking...
Program Size: Code=47252 RO-data=8972 RW-data=308 ZI-data=1027688  
".\ictm_txt_sdram\Objects\YH-RT1052.axf" - 0 Error(s), 8 Warning(s).

<h2>Software Packages used:</h2>

Package Vendor: NXP
                http://mcuxpresso.nxp.com/cmsis_pack/repo/NXP.MIMXRT1052_DFP.11.0.0.pack
                NXP.MIMXRT1052_DFP.11.0.0
                Device Family Pack for MIMXRT1052

<h2>Collection of Component include folders:</h2>
  .\RTE\_itcm_txt_sdram_debug
  C:\Keil_v5\ARM\PACK\NXP\MIMXRT1052_DFP\11.0.0

<h2>Collection of Component Files used:</h2>
Build Time Elapsed:  00:00:13
</pre>
</body>
</html>
