<html>
<body>
<pre>
<h1>µVision Build Log</h1>
<h2>Tool Versions:</h2>
IDE-Version: ¦ÌVision V5.26.2.0
Copyright (C) 2018 ARM Ltd and ARM Germany GmbH. All rights reserved.
License Information: dsa klk, hj, LIC=KRMLQ-NSCW7-2L4CT-R7RAG-GH9E1-PW8PW
 
Tool Versions:
Toolchain:       MDK-ARM Plus  Version: 5.26.2.0
Toolchain Path:  D:\Keil_v5\ARM\ARMCC\Bin
C Compiler:      Armcc.exe V5.06 update 6 (build 750)
Assembler:       Armasm.exe V5.06 update 6 (build 750)
Linker/Locator:  ArmLink.exe V5.06 update 6 (build 750)
Library Manager: ArmAr.exe V5.06 update 6 (build 750)
Hex Converter:   FromElf.exe V5.06 update 6 (build 750)
CPU DLL:         SARMCM3.DLL V5.26.2.0
Dialog DLL:      DCM.DLL V1.17.2.0
Target DLL:      CMSIS_AGDI.dll V1.30.6.0
Dialog DLL:      TCM.DLL V1.36.1.0
 
<h2>Project:</h2>
F:\CODE\VSCODE\MIMXRT105\ceshi\src\1052-final11\project\mdk\YH-RT1052.uvprojx
Project File Date:  04/15/2019

<h2>Output:</h2>
*** Using Compiler 'V5.06 update 6 (build 750)', folder: 'D:\Keil_v5\ARM\ARMCC\Bin'
Build target 'nor_txt_sdram'
compiling bwLabel.c...
..\..\user\bsp\camera\bwLabel.c(324): warning:  #177-D: variable "i"  was declared but never referenced
  	uint8_t  i=0,j=0;
..\..\user\bsp\camera\bwLabel.c(324): warning:  #177-D: variable "j"  was declared but never referenced
  	uint8_t  i=0,j=0;
..\..\user\bsp\camera\bwLabel.c(430): warning:  #1-D: last line of file ends without a newline
  }
..\..\user\bsp\camera\bwLabel.c: 3 warnings, 0 errors
linking...
.\MIMXRT1052xxxxx_nor_txt_sdram.scf(124): warning: L6329W: Pattern *(NonCacheable.init) only matches removed unused sections.
Program Size: Code=28988 RO-data=10652 RW-data=348 ZI-data=971792  
Finished: 0 information, 1 warning and 0 error messages.
".\nor_txt_sdram\Objects\YH-RT1052.axf" - 0 Error(s), 4 Warning(s).

<h2>Software Packages used:</h2>

Package Vendor: NXP
                http://mcuxpresso.nxp.com/cmsis_pack/repo/NXP.MIMXRT1052_DFP.11.0.0.pack
                NXP.MIMXRT1052_DFP.11.0.0
                Device Family Pack for MIMXRT1052

<h2>Collection of Component include folders:</h2>
  .\RTE\_nor_txt_sdram
  D:\Keil_v5\ARM\PACK\NXP\MIMXRT1052_DFP\11.0.0

<h2>Collection of Component Files used:</h2>
Build Time Elapsed:  00:00:01
</pre>
</body>
</html>
