<html>
<body>
<pre>
<h1>�Vision Build Log</h1>
<h2>Tool Versions:</h2>
IDE-Version: ��Vision V5.26.2.0
Copyright (C) 2018 ARM Ltd and ARM Germany GmbH. All rights reserved.
License Information: dsa klk, hj, LIC=KRMLQ-NSCW7-2L4CT-R7RAG-GH9E1-PW8PW
 
Tool Versions:
Toolchain:       MDK-ARM Plus  Version: 5.26.2.0
Toolchain Path:  D:\Keil_v5\ARM\ARMCC\Bin
C Compiler:      Armcc.exe V5.06 update 6 (build 750)
Assembler:       Armasm.exe V5.06 update 6 (build 750)
Linker/Locator:  ArmLink.exe V5.06 update 6 (build 750)
Library Manager: ArmAr.exe V5.06 update 6 (build 750)
Hex Converter:   FromElf.exe V5.06 update 6 (build 750)
CPU DLL:         SARMCM3.DLL V5.26.2.0
Dialog DLL:      DCM.DLL V1.17.2.0
Target DLL:      CMSIS_AGDI.dll V1.30.6.0
Dialog DLL:      TCM.DLL V1.36.1.0
 
<h2>Project:</h2>
F:\CODE\VSCODE\MIMXRT105\ceshi\src\1052-final11\project\mdk\YH-RT1052.uvprojx
Project File Date:  07/03/2019

<h2>Output:</h2>
*** Using Compiler 'V5.06 update 6 (build 750)', folder: 'D:\Keil_v5\ARM\ARMCC\Bin'
Build target 'nor_itcm_txt_ram'
compiling arm_abs_q31.c...
compiling arm_add_q31.c...
compiling arm_offset_q31.c...
compiling arm_mult_q31.c...
compiling arm_negate_q31.c...
compiling arm_dot_prod_q31.c...
compiling system_MIMXRT1052.c...
compiling arm_scale_q31.c...
compiling arm_sub_q31.c...
compiling arm_shift_q31.c...
compiling fsl_gpio.c...
compiling fsl_common.c...
compiling fsl_clock.c...
compiling fsl_lpuart.c...
compiling fsl_elcdif.c...
compiling fsl_csi.c...
compiling fsl_pit.c...
compiling fsl_lpi2c.c...
compiling fsl_dmamux.c...
compiling fsl_lpuart_edma.c...
compiling fsl_edma.c...
compiling fsl_sbrk.c...
compiling fsl_pxp.c...
compiling fsl_qtmr.c...
compiling fsl_assert.c...
compiling fsl_pwm.c...
compiling fsl_notifier.c...
compiling fsl_debug_console.c...
compiling fsl_log.c...
compiling fsl_io.c...
compiling clock_config.c...
compiling fsl_str.c...
compiling board.c...
..\..\user\bsp\./led/bsp_led.h(70): warning:  #47-D: incompatible redefinition of macro "BEE"  (declared at line 3089 of "D:\Keil_v5\ARM\PACK\NXP\MIMXRT1052_DFP\11.0.0\MIMXRT1052.h")
  #define   BEE(a)	if (a)	\
..\..\user\bsp\bsp_Timer.h(14): warning:  #1-D: last line of file ends without a newline
  #endif /* __BSP_TIMER_H */
..\..\user\bsp\bsp_FlexPwm.h(23): warning:  #1295-D: Deprecated declaration PWMInit - give arg types
  void PWMInit();
..\..\user\bsp\bsp_FlexPwm.h(26): warning:  #1295-D: Deprecated declaration run - give arg types
  void run();
..\..\user\bsp\bsp_FlexPwm.h(27): warning:  #1295-D: Deprecated declaration diriction - give arg types
  void diriction();
..\..\user\bsp\bsp_FlexPwm.h(28): warning:  #1295-D: Deprecated declaration get_duoji_Kp - give arg types
  float get_duoji_Kp();
..\..\user\bsp\power_manager.h(8): warning:  #1295-D: Deprecated declaration Peripheral_power_ON - give arg types
  void Peripheral_power_ON();//外设电源开
..\..\user\board.c: 7 warnings, 0 errors
compiling pin_mux.c...
compiling fire_imxrt1052_sdram_ini_dcd.c...
compiling main.c...
..\..\user\bsp\./led/bsp_led.h(70): warning:  #47-D: incompatible redefinition of macro "BEE"  (declared at line 3089 of "D:\Keil_v5\ARM\PACK\NXP\MIMXRT1052_DFP\11.0.0\MIMXRT1052.h")
  #define   BEE(a)	if (a)	\
..\..\user\bsp\bsp_Timer.h(14): warning:  #1-D: last line of file ends without a newline
  #endif /* __BSP_TIMER_H */
..\..\user\bsp\bsp_FlexPwm.h(23): warning:  #1295-D: Deprecated declaration PWMInit - give arg types
  void PWMInit();
..\..\user\bsp\bsp_FlexPwm.h(26): warning:  #1295-D: Deprecated declaration run - give arg types
  void run();
..\..\user\bsp\bsp_FlexPwm.h(27): warning:  #1295-D: Deprecated declaration diriction - give arg types
  void diriction();
..\..\user\bsp\bsp_FlexPwm.h(28): warning:  #1295-D: Deprecated declaration get_duoji_Kp - give arg types
  float get_duoji_Kp();
..\..\user\main.c(196): warning:  #177-D: variable "count"  was declared but never referenced
  		rt_uint32_t count = 0;
..\..\user\main.c(197): warning:  #177-D: variable "no"  was declared but never referenced
      rt_uint32_t no = (rt_uint32_t) parameter; /* 获得线程的入口参�? */
..\..\user\main.c(62): warning:  #550-D: variable "run_thread"  was set but never used
                      run_thread = RT_NULL,
..\..\user\main.c(63): warning:  #550-D: variable "AD7606_thread"  was set but never used
                      AD7606_thread = RT_NULL,
..\..\user\main.c(64): warning:  #177-D: variable "led2_thread"  was declared but never referenced
  										led2_thread = RT_NULL,
..\..\user\main.c(72): warning:  #177-D: variable "sem"  was declared but never referenced
  static rt_sem_t sem = RT_NULL;
..\..\user\main.c(210): warning:  #177-D: function "thread1_entry"  was declared but never referenced
   static void thread1_entry(void* parameter)
..\..\user\main.c(226): warning:  #177-D: function "thread2_entry"  was declared but never referenced
   static void thread2_entry(void* parameter)
..\..\user\main.c: 14 warnings, 0 errors
compiling clock.c...
compiling device.c...
compiling components.c...
compiling idle.c...
compiling fire_imxrt1052_spiflash_config.c...
compiling irq.c...
compiling fsl_flexspi_nor_boot.c...
compiling ipc.c...
compiling memheap.c...
compiling mem.c...
compiling mempool.c...
compiling object.c...
compiling kservice.c...
compiling signal.c...
compiling scheduler.c...
compiling thread.c...
compiling timer.c...
compiling cpuport.c...
compiling 1052_NVIC.c...
compiling bsp_key.c...
compiling bsp_led.c...
..\..\user\bsp\./led/bsp_led.h(70): warning:  #47-D: incompatible redefinition of macro "BEE"  (declared at line 3089 of "D:\Keil_v5\ARM\PACK\NXP\MIMXRT1052_DFP\11.0.0\MIMXRT1052.h")
  #define   BEE(a)	if (a)	\
..\..\user\bsp\led\bsp_led.c: 1 warning, 0 errors
compiling bsp_lpuart.c...
..\..\user\bsp\bsp_Timer.h(14): warning:  #1-D: last line of file ends without a newline
  #endif /* __BSP_TIMER_H */
..\..\user\bsp\bsp_FlexPwm.h(23): warning:  #1295-D: Deprecated declaration PWMInit - give arg types
  void PWMInit();
..\..\user\bsp\bsp_FlexPwm.h(26): warning:  #1295-D: Deprecated declaration run - give arg types
  void run();
..\..\user\bsp\bsp_FlexPwm.h(27): warning:  #1295-D: Deprecated declaration diriction - give arg types
  void diriction();
..\..\user\bsp\bsp_FlexPwm.h(28): warning:  #1295-D: Deprecated declaration get_duoji_Kp - give arg types
  float get_duoji_Kp();
..\..\user\bsp\bsp_lpuart.c: 5 warnings, 0 errors
compiling power_manager.c...
..\..\user\bsp\power_manager.h(8): warning:  #1295-D: Deprecated declaration Peripheral_power_ON - give arg types
  void Peripheral_power_ON();//外设电源开
..\..\user\bsp\power_manager.c: 1 warning, 0 errors
compiling bsp_Timer.c...
..\..\user\bsp\bsp_Timer.h(14): warning:  #1-D: last line of file ends without a newline
  #endif /* __BSP_TIMER_H */
..\..\user\bsp\bsp_Timer.c: 1 warning, 0 errors
compiling bsp_FlexPwm.c...
..\..\user\bsp\bsp_Timer.h(14): warning:  #1-D: last line of file ends without a newline
  #endif /* __BSP_TIMER_H */
..\..\user\bsp\bsp_FlexPwm.h(23): warning:  #1295-D: Deprecated declaration PWMInit - give arg types
  void PWMInit();
..\..\user\bsp\bsp_FlexPwm.h(26): warning:  #1295-D: Deprecated declaration run - give arg types
  void run();
..\..\user\bsp\bsp_FlexPwm.h(27): warning:  #1295-D: Deprecated declaration diriction - give arg types
  void diriction();
..\..\user\bsp\bsp_FlexPwm.h(28): warning:  #1295-D: Deprecated declaration get_duoji_Kp - give arg types
  float get_duoji_Kp();
..\..\user\bsp\bsp_FlexPwm.c(232): warning:  #940-D: missing return statement at end of non-void function "get_duoji_Kp" 
  }
..\..\user\bsp\bsp_FlexPwm.c(165): warning:  #177-D: variable "kp"  was declared but never referenced
      float kp=0;
..\..\user\bsp\bsp_FlexPwm.c: 7 warnings, 0 errors
compiling fsl_csi_camera_adapter.c...
compiling fsl_sccb.c...
compiling carmer.c...
..\..\user\bsp\camera\bwLabel.h(15): warning:  #1-D: last line of file ends without a newline
  extern uint8_t temp_img;
..\..\user\bsp\camera\carmer.c(223): warning:  #223-D: function "sprintf" declared implicitly
  		sprintf(dispBuff, "FPS = %d MID_NUM = %03d tmp_img= %03d", FPS,mid_NUM,temp_img);
..\..\user\bsp\camera\carmer.c: 2 warnings, 0 errors
compiling fsl_video_common.c...
compiling fsl_video_i2c.c...
compiling fonts.c...
compiling bsp_lcd.c...
compiling bwLabel.c...
..\..\user\bsp\camera\bwLabel.h(15): warning:  #1-D: last line of file ends without a newline
  extern uint8_t temp_img;
..\..\user\bsp\camera\bwLabel.c(271): warning:  #177-D: variable "i"  was declared but never referenced
  	uint8_t i = 0, j = 0;
..\..\user\bsp\camera\bwLabel.c(271): warning:  #177-D: variable "j"  was declared but never referenced
  	uint8_t i = 0, j = 0;
..\..\user\bsp\camera\bwLabel.c(863): warning:  #177-D: variable "TESTLFY"  was declared but never referenced
  	uint8_t TESTLFX[240] = {0}, TESTLFY[240] = {0}, TESTRTX[240] = {0}, TESTRTY[240] = {0};
..\..\user\bsp\camera\bwLabel.c(863): warning:  #177-D: variable "TESTRTY"  was declared but never referenced
  	uint8_t TESTLFX[240] = {0}, TESTLFY[240] = {0}, TESTRTX[240] = {0}, TESTRTY[240] = {0};
..\..\user\bsp\camera\bwLabel.c(864): warning:  #177-D: variable "cntL"  was declared but never referenced
  	uint8_t cntL = 0;
..\..\user\bsp\camera\bwLabel.c(865): warning:  #177-D: variable "cntR"  was declared but never referenced
  	uint8_t cntR = 0;
..\..\user\bsp\camera\bwLabel.c(952): warning:  #177-D: variable "mid_l"  was declared but never referenced
  	uint8_t mid_l[120] = {0}, mid_r[120] = {0}, mid_m[120] = {0}, cnt = 0;
..\..\user\bsp\camera\bwLabel.c(952): warning:  #177-D: variable "mid_r"  was declared but never referenced
  	uint8_t mid_l[120] = {0}, mid_r[120] = {0}, mid_m[120] = {0}, cnt = 0;
..\..\user\bsp\camera\bwLabel.c(952): warning:  #177-D: variable "cnt"  was declared but never referenced
  	uint8_t mid_l[120] = {0}, mid_r[120] = {0}, mid_m[120] = {0}, cnt = 0;
..\..\user\bsp\camera\bwLabel.c(1156): warning:  #177-D: variable "F"  was declared but never referenced
  	uint16_t B = 0, C = 0, D = 0, E = 0, F = 0, min_1 = 0, tlabel = 0,tmp_1 = 0, tmp_2 = 0;
..\..\user\bsp\camera\bwLabel.c(1278): warning:  #550-D: variable "L_minY"  was set but never used
  	uint8_t A, B, C, D, E, max, L_minY = 0, L_minX = 0, R_minY = 0, R_minX = 0;
..\..\user\bsp\camera\bwLabel.c(1278): warning:  #550-D: variable "L_minX"  was set but never used
  	uint8_t A, B, C, D, E, max, L_minY = 0, L_minX = 0, R_minY = 0, R_minX = 0;
..\..\user\bsp\camera\bwLabel.c(1278): warning:  #550-D: variable "R_minY"  was set but never used
  	uint8_t A, B, C, D, E, max, L_minY = 0, L_minX = 0, R_minY = 0, R_minX = 0;
..\..\user\bsp\camera\bwLabel.c(1278): warning:  #550-D: variable "R_minX"  was set but never used
  	uint8_t A, B, C, D, E, max, L_minY = 0, L_minX = 0, R_minY = 0, R_minX = 0;
..\..\user\bsp\camera\bwLabel.c(1279): warning:  #177-D: variable "find_err"  was declared but never referenced
  	uint8_t find_err = 0;
..\..\user\bsp\camera\bwLabel.c(1280): warning:  #177-D: variable "LFX"  was declared but never referenced
  	uint8_t LFX[800] = {0}, LFY[800] = {0}, RTX[800] = {0}, RTY[800] = {0}, tlabel = 0;
..\..\user\bsp\camera\bwLabel.c(1280): warning:  #177-D: variable "LFY"  was declared but never referenced
  	uint8_t LFX[800] = {0}, LFY[800] = {0}, RTX[800] = {0}, RTY[800] = {0}, tlabel = 0;
..\..\user\bsp\camera\bwLabel.c(1280): warning:  #177-D: variable "RTX"  was declared but never referenced
  	uint8_t LFX[800] = {0}, LFY[800] = {0}, RTX[800] = {0}, RTY[800] = {0}, tlabel = 0;
..\..\user\bsp\camera\bwLabel.c(1280): warning:  #177-D: variable "RTY"  was declared but never referenced
  	uint8_t LFX[800] = {0}, LFY[800] = {0}, RTX[800] = {0}, RTY[800] = {0}, tlabel = 0;
..\..\user\bsp\camera\bwLabel.c(1280): warning:  #177-D: variable "tlabel"  was declared but never referenced
  	uint8_t LFX[800] = {0}, LFY[800] = {0}, RTX[800] = {0}, RTY[800] = {0}, tlabel = 0;
..\..\user\bsp\camera\bwLabel.c(1649): warning:  #550-D: variable "TESTLFX"  was set but never used
      uint8_t TESTLFX[240]={0},TESTLFY[240]={0},TESTRTX[240]={0},TESTRTY[240]={0};
..\..\user\bsp\camera\bwLabel.c(1649): warning:  #177-D: variable "TESTLFY"  was declared but never referenced
      uint8_t TESTLFX[240]={0},TESTLFY[240]={0},TESTRTX[240]={0},TESTRTY[240]={0};
..\..\user\bsp\camera\bwLabel.c(1649): warning:  #550-D: variable "TESTRTX"  was set but never used
      uint8_t TESTLFX[240]={0},TESTLFY[240]={0},TESTRTX[240]={0},TESTRTY[240]={0};
..\..\user\bsp\camera\bwLabel.c(1649): warning:  #177-D: variable "TESTRTY"  was declared but never referenced
      uint8_t TESTLFX[240]={0},TESTLFY[240]={0},TESTRTX[240]={0},TESTRTY[240]={0};
..\..\user\bsp\camera\bwLabel.c(1650): warning:  #177-D: variable "cntL"  was declared but never referenced
      uint8_t cntL=0;
..\..\user\bsp\camera\bwLabel.c(1651): warning:  #177-D: variable "cntR"  was declared but never referenced
      uint8_t cntR=0;
..\..\user\bsp\camera\bwLabel.c(1655): warning:  #550-D: variable "L_maxY"  was set but never used
      uint8_t L_maxY=120,R_maxY=120;
..\..\user\bsp\camera\bwLabel.c(1655): warning:  #550-D: variable "R_maxY"  was set but never used
      uint8_t L_maxY=120,R_maxY=120;
..\..\user\bsp\camera\bwLabel.c(1774): warning:  #1-D: last line of file ends without a newline
  }
..\..\user\bsp\camera\bwLabel.c: 30 warnings, 0 errors
compiling LQ_MT9V034M.c...
..\..\user\bsp\camera\LQ_MT9V034M.c(85): warning:  #550-D: variable "sourceClock"  was set but never used
      uint32_t sourceClock = 0;
..\..\user\bsp\camera\LQ_MT9V034M.c(488): warning:  #1-D: last line of file ends without a newline
    }
..\..\user\bsp\camera\LQ_MT9V034M.c(203): warning:  #177-D: function "MT9V034_Reset"  was declared but never referenced
  static void MT9V034_Reset(void)
..\..\user\bsp\camera\LQ_MT9V034M.c(186): warning:  #177-D: function "MT9V034_SetAutoExposure"  was declared but never referenced
  static void MT9V034_SetAutoExposure(bool enable)
..\..\user\bsp\camera\LQ_MT9V034M.c: 4 warnings, 0 errors
linking...
.\MIMXRT1052xxxxx_nor_itcm_txt_ram.scf(152): warning: L6329W: Pattern *(NonCacheable.init) only matches removed unused sections.
Program Size: Code=34808 RO-data=10672 RW-data=532 ZI-data=1058608  
Finished: 0 information, 1 warning and 0 error messages.
".\nor_itcm_txt_ram\Objects\YH-RT1052.axf" - 0 Error(s), 73 Warning(s).

<h2>Software Packages used:</h2>

Package Vendor: NXP
                http://mcuxpresso.nxp.com/cmsis_pack/repo/NXP.MIMXRT1052_DFP.11.0.0.pack
                NXP.MIMXRT1052_DFP.11.0.0
                Device Family Pack for MIMXRT1052

<h2>Collection of Component include folders:</h2>
  .\RTE\_nor_itcm_txt_ram
  D:\Keil_v5\ARM\PACK\NXP\MIMXRT1052_DFP\11.0.0

<h2>Collection of Component Files used:</h2>
Build Time Elapsed:  00:00:05
</pre>
</body>
</html>
